%!Adobe-FontList 1.14
%Locale:0x409

%BeginFont
Handler:DirectoryHandler
FontType:Invalid
OutlineFileName:\.DS_Store
FileLength:6148
FileModTime:1459877448
%EndFont

%BeginFont
Handler:DirectoryHandler
FontType:Invalid
OutlineFileName:\Abril Fatface_OFL.txt
FileLength:4415
FileModTime:1458669598
%EndFont

%BeginFont
Handler:DirectoryHandler
FontType:TrueType
FontName:AbrilFatface-Regular
FamilyName:Abril Fatface
StyleName:Regular
MenuName:Abril Fatface
StyleBits:0
WeightClass:400
WidthClass:5
AngleClass:0
FullName:Abril Fatface
WritingScript:Roman
OutlineFileName:\AbrilFatface-Regular.ttf
DataFormat:sfntData
FileLength:67364
FileModTime:1383547104
%EndFont

%BeginFont
Handler:DirectoryHandler
FontType:Invalid
OutlineFileName:\Source Sans Pro_OFL.txt
FileLength:4622
FileModTime:1458669598
%EndFont

%BeginFont
Handler:DirectoryHandler
FontType:TrueType
FontName:SourceSansPro-BoldIt
FamilyName:Source Sans Pro
StyleName:Bold Italic
MenuName:Source Sans Pro
StyleBits:3
WeightClass:700
WidthClass:5
AngleClass:1
FullName:Source Sans Pro Bold Italic
WritingScript:Roman
OutlineFileName:\SourceSansPro-BoldItalic.ttf
DataFormat:sfntData
FileLength:116192
FileModTime:1458669598
DesignSize:100
%EndFont

%BeginFont
Handler:DirectoryHandler
FontType:TrueType
FontName:SourceSansPro-Light
FamilyName:Source Sans Pro
StyleName:Light
MenuName:Source Sans Pro Light
StyleBits:0
WeightClass:300
WidthClass:5
AngleClass:0
FullName:Source Sans Pro Light
WritingScript:Roman
OutlineFileName:\SourceSansPro-Light.ttf
DataFormat:sfntData
FileLength:150244
FileModTime:1458669598
DesignSize:100
%EndFont

%BeginFont
Handler:DirectoryHandler
FontType:TrueType
FontName:SourceSansPro-Regular
FamilyName:Source Sans Pro
StyleName:Regular
MenuName:Source Sans Pro
StyleBits:0
WeightClass:400
WidthClass:5
AngleClass:0
FullName:Source Sans Pro
WritingScript:Roman
OutlineFileName:\SourceSansPro-Regular.ttf
DataFormat:sfntData
FileLength:149972
FileModTime:1458669598
DesignSize:100
%EndFont

